0eNq1mm1vmzAQgP8Ln4NkbPxC/so0VSRxW0sEMkKyVlX++wzttmwkNnfnfGqbgI8zT+/Mgz+yTXOyh961Q7b+yGw7uMHZY7b+9pG19d5m66w+Hu1+07j2Jd/X21fX2lxkq+zQHf2hXTue9pat2Sp7z9a50JdV1tutO4ynur5r8xdb9/nPV2sbf9YU4P2pPe03ts/WxWX1J85zfRxy1x5tP/ivZgFyfhVh53yMzy/VbFB+NWjTvbjj4Lb59tX64Xv74+R/3hxf/JPBdNzTs2v8wf9Mx5TToakH68fYdqdx4ozP3rU7+zZm9H12QWJ5louTLO8nWfuTzjY/9N3Z7W4Fuc50U/dT1P+Gl1fDwwAQIAAUAgARmxtNA0AkB8DAAYgmWSUAQNwHoGBX4+/tzp32uW385fQ+zKFr7H0CPDuz0Qo0TwxWUDgCKBab60LQiGLJiSpKOFLxNGUCpliAKYWlgCsYBRpOwRQiPD2GRMFXDkkpqMAUxNPkjE7BFOUOBbzAVhZu5pWFczRTsE7FBYKpaBXnJY2p9L2KSzhT8TRVAqYC3YprLAXjvxCEAgOnYAoRnp6KRMFXDkmXrAxMQTxNUdApmKLcoUBwdGUp5pVFCDRTsG4lSgRT0TIuJI2p9N1KKDhT8TR1AqYC3UoYNAUcRkGFoIBHHxMZjQKenIKygFMQT5MnoIDfp6AU2MoyLtRno5VYpmDNqpRwpKJFvFQkotK3qlKDgYonaeg8BRpVWWEBkCAAJIMDIGNzIwsSADI5AJKDAYgnKegAyIBeK7H1RM/LiUTLOliHkghZF63ckibr0vcnCZd18SQTyLpAd1IMCQDs/iu4rY/OjCLJ+vR3X4FdfTxFuqoP3XuJrCRsXkgU1s/BupKC27lovVYkN5e+JymwmYumqOleLtCRNNbQw5akGu7no4s1TbLz6RekGuzm4ynSzXxgOaoVsobcWIxorIkDPi5ruIiLP0Zqkod7wMOyAWu4eJKGbuFCj8oGK+SB1szAfXzcJhmSjn+AMzNgG78gSbqMDxkzo5HV5JYqMVj9BvT6Bm7f4r67Ism3B1j9CuzeFiRJV28hp19hLTzw9V4Fl/Dx114VycE/4OVeBVbwC5KkG/jQq73KIMvJrXc6FVa8QTcgMLh5W7ABgZHU2yM2IDCwe1uSJl2+hTYgFAzr36GbkRhcwC/YpcNIBv4Rm5EYWMEvSZPu4IObkViFLSzm1gY3Nk7M4Jpp86z/1W279nNif8/cKju6l7ZuxsG+wn5+4GfrufPRhveJq7Prh5M/7DKO6Aa795/93aW7ypp642nz11y71v959jdwukQtWKGrQpdlebn8Au8tn3k=